// Jest Snapshot v1, https://goo.gl/fbAQLP

exports[`renders correctly 1`] = `
<div
  className="MuiGrid-root MuiGrid-container MuiGrid-spacing-xs-10 MuiGrid-justify-xs-center"
>
  <div
    className="MuiGrid-root MuiGrid-item"
  >
    <div
      className="MuiPaper-root MuiPaper-elevation1 MuiCard-root MuiPaper-rounded"
    >
      <div
        className="MuiCardHeader-root"
      >
        <div
          className="MuiCardHeader-content"
        >
          <span
            className="MuiTypography-root MuiCardHeader-title MuiTypography-h5 MuiTypography-displayBlock"
          >
            First title
          </span>
        </div>
      </div>
      <div
        className="MuiCardContent-root"
      >
        First content
      </div>
    </div>
  </div>
  <div
    className="MuiGrid-root MuiGrid-item"
  >
    <div
      className="MuiPaper-root MuiPaper-elevation1 MuiCard-root MuiPaper-rounded"
    >
      <div
        className="MuiCardHeader-root"
      >
        <div
          className="MuiCardHeader-content"
        >
          <span
            className="MuiTypography-root MuiCardHeader-title MuiTypography-h5 MuiTypography-displayBlock"
          >
            Second title
          </span>
        </div>
      </div>
      <div
        className="MuiCardContent-root"
      >
        Second content
      </div>
    </div>
  </div>
</div>
`;
