// Jest Snapshot v1, https://goo.gl/fbAQLP

exports[`renders correctly 1`] = `
<div
  className="MuiBox-root MuiBox-root-2"
  style={
    Object {
      "height": "100vh",
      "width": "100vw",
    }
  }
>
  <div
    className="MuiGrid-root MuiGrid-container MuiGrid-spacing-xs-10 MuiGrid-justify-xs-center"
  >
    <div
      className="MuiGrid-root MuiGrid-item"
    >
      <div
        className="MuiPaper-root MuiPaper-elevation1 MuiCard-root MuiPaper-rounded"
      >
        <div
          className="MuiCardHeader-root"
        >
          <div
            className="MuiCardHeader-content"
          >
            <span
              className="MuiTypography-root MuiCardHeader-title MuiTypography-h5 MuiTypography-displayBlock"
            >
              First title
            </span>
          </div>
        </div>
        <div
          className="MuiCardContent-root"
        >
          First content
        </div>
      </div>
    </div>
    <div
      className="MuiGrid-root MuiGrid-item"
    >
      <div
        className="MuiPaper-root MuiPaper-elevation1 MuiCard-root MuiPaper-rounded"
      >
        <div
          className="MuiCardHeader-root"
        >
          <div
            className="MuiCardHeader-content"
          >
            <span
              className="MuiTypography-root MuiCardHeader-title MuiTypography-h5 MuiTypography-displayBlock"
            >
              Second title
            </span>
          </div>
        </div>
        <div
          className="MuiCardContent-root"
        >
          Second content
        </div>
      </div>
    </div>
  </div>
  <header
    className="MuiPaper-root MuiPaper-elevation4 MuiAppBar-root MuiAppBar-positionRelative makeStyles-background-171 MuiAppBar-colorPrimary"
  >
     
    <div
      className="MuiToolbar-root MuiToolbar-regular MuiToolbar-gutters"
    >
      <h6
        className="MuiTypography-root MuiTypography-h6"
      >
        Playbar
      </h6>
    </div>
  </header>
</div>
`;
