// Jest Snapshot v1, https://goo.gl/fbAQLP

exports[`renders correctly 1`] = `
<div
  className="MuiBox-root MuiBox-root-4 makeStyles-root-1"
>
  <header
    className="MuiPaper-root MuiPaper-elevation4 MuiAppBar-root MuiAppBar-positionStatic makeStyles-back-7 MuiAppBar-colorPrimary"
  >
     
    <div
      className="MuiToolbar-root MuiToolbar-regular MuiToolbar-gutters"
    >
      <button
        aria-label="menu"
        className="MuiButtonBase-root MuiIconButton-root makeStyles-menuButton-5 MuiIconButton-colorInherit MuiIconButton-edgeStart"
        disabled={false}
        onBlur={[Function]}
        onDragLeave={[Function]}
        onFocus={[Function]}
        onKeyDown={[Function]}
        onKeyUp={[Function]}
        onMouseDown={[Function]}
        onMouseLeave={[Function]}
        onMouseUp={[Function]}
        onTouchEnd={[Function]}
        onTouchMove={[Function]}
        onTouchStart={[Function]}
        tabIndex={0}
        type="button"
      >
        <span
          className="MuiIconButton-label"
        >
          <svg
            aria-hidden="true"
            className="MuiSvgIcon-root"
            focusable="false"
            role="presentation"
            viewBox="0 0 24 24"
          >
            <path
              d="M3 18h18v-2H3v2zm0-5h18v-2H3v2zm0-7v2h18V6H3z"
            />
          </svg>
        </span>
      </button>
      <h5
        className="MuiTypography-root makeStyles-title-6 MuiTypography-h5"
      >
        Taste Club
      </h5>
    </div>
  </header>
  <div
    className="MuiBox-root MuiBox-root-99"
    style={
      Object {
        "height": "100vh",
        "width": "100vw",
      }
    }
  >
    <div
      className="MuiGrid-root MuiGrid-container MuiGrid-spacing-xs-10 MuiGrid-justify-xs-center"
    >
      <div
        className="MuiGrid-root MuiGrid-item"
      >
        <div
          className="MuiPaper-root MuiPaper-elevation1 MuiCard-root MuiPaper-rounded"
        >
          <div
            className="MuiCardHeader-root"
          >
            <div
              className="MuiCardHeader-content"
            >
              <span
                className="MuiTypography-root MuiCardHeader-title MuiTypography-h5 MuiTypography-displayBlock"
              >
                First title
              </span>
            </div>
          </div>
          <div
            className="MuiCardContent-root"
          >
            First content
          </div>
        </div>
      </div>
      <div
        className="MuiGrid-root MuiGrid-item"
      >
        <div
          className="MuiPaper-root MuiPaper-elevation1 MuiCard-root MuiPaper-rounded"
        >
          <div
            className="MuiCardHeader-root"
          >
            <div
              className="MuiCardHeader-content"
            >
              <span
                className="MuiTypography-root MuiCardHeader-title MuiTypography-h5 MuiTypography-displayBlock"
              >
                Second title
              </span>
            </div>
          </div>
          <div
            className="MuiCardContent-root"
          >
            Second content
          </div>
        </div>
      </div>
    </div>
    <header
      className="MuiPaper-root MuiPaper-elevation4 MuiAppBar-root MuiAppBar-positionRelative makeStyles-background-211 MuiAppBar-colorPrimary"
    >
       
      <div
        className="MuiToolbar-root MuiToolbar-regular MuiToolbar-gutters"
      >
        <h6
          className="MuiTypography-root MuiTypography-h6"
        >
          Playbar
        </h6>
      </div>
    </header>
  </div>
</div>
`;
