// Jest Snapshot v1, https://goo.gl/fbAQLP

exports[`renders correctly 1`] = `
<header
  className="MuiPaper-root MuiPaper-elevation4 MuiAppBar-root MuiAppBar-positionRelative makeStyles-background-1 MuiAppBar-colorPrimary"
>
   
  <div
    className="MuiToolbar-root MuiToolbar-regular MuiToolbar-gutters"
  >
    <h6
      className="MuiTypography-root MuiTypography-h6"
    >
      Playbar
    </h6>
  </div>
</header>
`;
